Testing markdown file reading...

Found 72 markdown files:

- BTC\BTC节点和独立运行的意义.md
  Slug: BTC/BTC节点和独立运行的意义
  Title: BTC节点和独立运行的意义
  Date: Sun Nov 16 2025 00:00:00 GMT+0800 (China Standard Time)

- Docker\MongoDB数据库Docker检查是否正常运行.md
  Slug: Docker/MongoDB数据库Docker检查是否正常运行
  Title: MongoDB数据库Docker检查是否正常运行
  Date: Sun Nov 16 2025 00:00:00 GMT+0800 (China Standard Time)

- example-post.md
  Slug: example-post
  Title: Java 数组
  Date: 2025-11-23

- Java\(列表）lists.md
  Slug: Java/(列表）lists
  Title: (列表）lists
  Date: Sun Nov 16 2025 00:00:00 GMT+0800 (China Standard Time)

- Java\.md
  Slug: Java/
  Title: .md
  Date: Sun Nov 16 2025 00:00:00 GMT+0800 (China Standard Time)

